// Jest Snapshot v1, https://goo.gl/fbAQLP

exports[`Schema getting resolvers 1`] = `
"Object {
  \\"Query\\": Object {
    \\"dvptCooperation\\": [Function dvptCooperation],
    \\"tchCooperation\\": [Function tchCooperation],
  },
}"
`;
