// Jest Snapshot v1, https://goo.gl/fbAQLP

exports[`India getting dvptCooperation 1`] = `
"Array [
  Object {
    \\"color\\": \\"#bc2629\\",
    \\"id\\": \\"Interest subsidy for lines of credit\\",
    \\"uid\\": \\"unique_id_stub\\",
    \\"value\\": 39.2,
    \\"year\\": 2008,
  },
  Object {
    \\"color\\": \\"#8f1b13\\",
    \\"id\\": \\"Other\\",
    \\"uid\\": \\"unique_id_stub\\",
    \\"value\\": 5.1,
    \\"year\\": 2008,
  },
  Object {
    \\"color\\": \\"#f39b95\\",
    \\"id\\": \\"International organisations\\",
    \\"uid\\": \\"unique_id_stub\\",
    \\"value\\": 233.5,
    \\"year\\": 2008,
  },
  Object {
    \\"color\\": \\"#fbd7cb\\",
    \\"id\\": \\"Loans and advances to foreign governments\\",
    \\"uid\\": \\"unique_id_stub\\",
    \\"value\\": 160.4,
    \\"year\\": 2008,
  },
  Object {
    \\"color\\": \\"#e8443a\\",
    \\"id\\": \\"Technical & economic cooperation with other countries\\",
    \\"uid\\": \\"unique_id_stub\\",
    \\"value\\": 375.7,
    \\"year\\": 2008,
  },
  Object {
    \\"color\\": \\"#bc2629\\",
    \\"id\\": \\"Interest subsidy for lines of credit\\",
    \\"uid\\": \\"unique_id_stub\\",
    \\"value\\": 29.6,
    \\"year\\": 2009,
  },
  Object {
    \\"color\\": \\"#8f1b13\\",
    \\"id\\": \\"Other\\",
    \\"uid\\": \\"unique_id_stub\\",
    \\"value\\": 4,
    \\"year\\": 2009,
  },
  Object {
    \\"color\\": \\"#f39b95\\",
    \\"id\\": \\"International organisations\\",
    \\"uid\\": \\"unique_id_stub\\",
    \\"value\\": 137.1,
    \\"year\\": 2009,
  },
  Object {
    \\"color\\": \\"#fbd7cb\\",
    \\"id\\": \\"Loans and advances to foreign governments\\",
    \\"uid\\": \\"unique_id_stub\\",
    \\"value\\": 119.1,
    \\"year\\": 2009,
  },
  Object {
    \\"color\\": \\"#e8443a\\",
    \\"id\\": \\"Technical & economic cooperation with other countries\\",
    \\"uid\\": \\"unique_id_stub\\",
    \\"value\\": 419.7,
    \\"year\\": 2009,
  },
  Object {
    \\"color\\": \\"#bc2629\\",
    \\"id\\": \\"Interest subsidy for lines of credit\\",
    \\"uid\\": \\"unique_id_stub\\",
    \\"value\\": 23.5,
    \\"year\\": 2010,
  },
  Object {
    \\"color\\": \\"#8f1b13\\",
    \\"id\\": \\"Other\\",
    \\"uid\\": \\"unique_id_stub\\",
    \\"value\\": 4.5,
    \\"year\\": 2010,
  },
  Object {
    \\"color\\": \\"#f39b95\\",
    \\"id\\": \\"International organisations\\",
    \\"uid\\": \\"unique_id_stub\\",
    \\"value\\": 116.6,
    \\"year\\": 2010,
  },
  Object {
    \\"color\\": \\"#fbd7cb\\",
    \\"id\\": \\"Loans and advances to foreign governments\\",
    \\"uid\\": \\"unique_id_stub\\",
    \\"value\\": 87.8,
    \\"year\\": 2010,
  },
  Object {
    \\"color\\": \\"#e8443a\\",
    \\"id\\": \\"Technical & economic cooperation with other countries\\",
    \\"uid\\": \\"unique_id_stub\\",
    \\"value\\": 451.9,
    \\"year\\": 2010,
  },
  Object {
    \\"color\\": \\"#bc2629\\",
    \\"id\\": \\"Interest subsidy for lines of credit\\",
    \\"uid\\": \\"unique_id_stub\\",
    \\"value\\": 23.5,
    \\"year\\": 2011,
  },
  Object {
    \\"color\\": \\"#8f1b13\\",
    \\"id\\": \\"Other\\",
    \\"uid\\": \\"unique_id_stub\\",
    \\"value\\": 6.7,
    \\"year\\": 2011,
  },
  Object {
    \\"color\\": \\"#f39b95\\",
    \\"id\\": \\"International organisations\\",
    \\"uid\\": \\"unique_id_stub\\",
    \\"value\\": 145.2,
    \\"year\\": 2011,
  },
  Object {
    \\"color\\": \\"#fbd7cb\\",
    \\"id\\": \\"Loans and advances to foreign governments\\",
    \\"uid\\": \\"unique_id_stub\\",
    \\"value\\": 153,
    \\"year\\": 2011,
  },
  Object {
    \\"color\\": \\"#e8443a\\",
    \\"id\\": \\"Technical & economic cooperation with other countries\\",
    \\"uid\\": \\"unique_id_stub\\",
    \\"value\\": 424,
    \\"year\\": 2011,
  },
  Object {
    \\"color\\": \\"#bc2629\\",
    \\"id\\": \\"Interest subsidy for lines of credit\\",
    \\"uid\\": \\"unique_id_stub\\",
    \\"value\\": 40.4,
    \\"year\\": 2012,
  },
  Object {
    \\"color\\": \\"#8f1b13\\",
    \\"id\\": \\"Other\\",
    \\"uid\\": \\"unique_id_stub\\",
    \\"value\\": 7.2,
    \\"year\\": 2012,
  },
  Object {
    \\"color\\": \\"#f39b95\\",
    \\"id\\": \\"International organisations\\",
    \\"uid\\": \\"unique_id_stub\\",
    \\"value\\": 134.2,
    \\"year\\": 2012,
  },
  Object {
    \\"color\\": \\"#fbd7cb\\",
    \\"id\\": \\"Loans and advances to foreign governments\\",
    \\"uid\\": \\"unique_id_stub\\",
    \\"value\\": 262.8,
    \\"year\\": 2012,
  },
  Object {
    \\"color\\": \\"#e8443a\\",
    \\"id\\": \\"Technical & economic cooperation with other countries\\",
    \\"uid\\": \\"unique_id_stub\\",
    \\"value\\": 538.2,
    \\"year\\": 2012,
  },
  Object {
    \\"color\\": \\"#bc2629\\",
    \\"id\\": \\"Interest subsidy for lines of credit\\",
    \\"uid\\": \\"unique_id_stub\\",
    \\"value\\": 60.7,
    \\"year\\": 2013,
  },
  Object {
    \\"color\\": \\"#8f1b13\\",
    \\"id\\": \\"Other\\",
    \\"uid\\": \\"unique_id_stub\\",
    \\"value\\": 8.7,
    \\"year\\": 2013,
  },
  Object {
    \\"color\\": \\"#f39b95\\",
    \\"id\\": \\"International organisations\\",
    \\"uid\\": \\"unique_id_stub\\",
    \\"value\\": 157.9,
    \\"year\\": 2013,
  },
  Object {
    \\"color\\": \\"#fbd7cb\\",
    \\"id\\": \\"Loans and advances to foreign governments\\",
    \\"uid\\": \\"unique_id_stub\\",
    \\"value\\": 270.1,
    \\"year\\": 2013,
  },
  Object {
    \\"color\\": \\"#e8443a\\",
    \\"id\\": \\"Technical & economic cooperation with other countries\\",
    \\"uid\\": \\"unique_id_stub\\",
    \\"value\\": 776.7,
    \\"year\\": 2013,
  },
  Object {
    \\"color\\": \\"#bc2629\\",
    \\"id\\": \\"Interest subsidy for lines of credit\\",
    \\"uid\\": \\"unique_id_stub\\",
    \\"value\\": 60.5,
    \\"year\\": 2014,
  },
  Object {
    \\"color\\": \\"#8f1b13\\",
    \\"id\\": \\"Other\\",
    \\"uid\\": \\"unique_id_stub\\",
    \\"value\\": 8.4,
    \\"year\\": 2014,
  },
  Object {
    \\"color\\": \\"#f39b95\\",
    \\"id\\": \\"International organisations\\",
    \\"uid\\": \\"unique_id_stub\\",
    \\"value\\": 165.9,
    \\"year\\": 2014,
  },
  Object {
    \\"color\\": \\"#fbd7cb\\",
    \\"id\\": \\"Loans and advances to foreign governments\\",
    \\"uid\\": \\"unique_id_stub\\",
    \\"value\\": 297.7,
    \\"year\\": 2014,
  },
  Object {
    \\"color\\": \\"#e8443a\\",
    \\"id\\": \\"Technical & economic cooperation with other countries\\",
    \\"uid\\": \\"unique_id_stub\\",
    \\"value\\": 717.6,
    \\"year\\": 2014,
  },
  Object {
    \\"color\\": \\"#bc2629\\",
    \\"id\\": \\"Interest subsidy for lines of credit\\",
    \\"uid\\": \\"unique_id_stub\\",
    \\"value\\": 73.3,
    \\"year\\": 2015,
  },
  Object {
    \\"color\\": \\"#8f1b13\\",
    \\"id\\": \\"Other\\",
    \\"uid\\": \\"unique_id_stub\\",
    \\"value\\": 3.6,
    \\"year\\": 2015,
  },
  Object {
    \\"color\\": \\"#f39b95\\",
    \\"id\\": \\"International organisations\\",
    \\"uid\\": \\"unique_id_stub\\",
    \\"value\\": 256.1,
    \\"year\\": 2015,
  },
  Object {
    \\"color\\": \\"#fbd7cb\\",
    \\"id\\": \\"Loans and advances to foreign governments\\",
    \\"uid\\": \\"unique_id_stub\\",
    \\"value\\": 445.7,
    \\"year\\": 2015,
  },
  Object {
    \\"color\\": \\"#e8443a\\",
    \\"id\\": \\"Technical & economic cooperation with other countries\\",
    \\"uid\\": \\"unique_id_stub\\",
    \\"value\\": 733.2,
    \\"year\\": 2015,
  },
]"
`;

exports[`India getting multiCooperation 1`] = `
"Array [
  Object {
    \\"color\\": \\"#bc2629\\",
    \\"multilateral\\": \\"Asian Development Bank\\",
    \\"uid\\": \\"unique_id_stub\\",
    \\"value\\": 0.7,
    \\"year\\": 2008,
  },
  Object {
    \\"color\\": \\"#8f1b13\\",
    \\"multilateral\\": \\"Other\\",
    \\"uid\\": \\"unique_id_stub\\",
    \\"value\\": 17.7,
    \\"year\\": 2008,
  },
  Object {
    \\"color\\": \\"#f39b95\\",
    \\"multilateral\\": \\"Southern\\",
    \\"uid\\": \\"unique_id_stub\\",
    \\"value\\": 8.1,
    \\"year\\": 2008,
  },
  Object {
    \\"color\\": \\"#e8443a\\",
    \\"multilateral\\": \\"UN\\",
    \\"uid\\": \\"unique_id_stub\\",
    \\"value\\": 206.4,
    \\"year\\": 2008,
  },
  Object {
    \\"color\\": \\"#fbd7cb\\",
    \\"multilateral\\": \\"World Bank Group\\",
    \\"uid\\": \\"unique_id_stub\\",
    \\"value\\": 0.7,
    \\"year\\": 2008,
  },
  Object {
    \\"color\\": \\"#bc2629\\",
    \\"multilateral\\": \\"Asian Development Bank\\",
    \\"uid\\": \\"unique_id_stub\\",
    \\"value\\": 0.4,
    \\"year\\": 2009,
  },
  Object {
    \\"color\\": \\"#8f1b13\\",
    \\"multilateral\\": \\"Other\\",
    \\"uid\\": \\"unique_id_stub\\",
    \\"value\\": 19.9,
    \\"year\\": 2009,
  },
  Object {
    \\"color\\": \\"#f39b95\\",
    \\"multilateral\\": \\"Southern\\",
    \\"uid\\": \\"unique_id_stub\\",
    \\"value\\": 8.7,
    \\"year\\": 2009,
  },
  Object {
    \\"color\\": \\"#e8443a\\",
    \\"multilateral\\": \\"UN\\",
    \\"uid\\": \\"unique_id_stub\\",
    \\"value\\": 107.7,
    \\"year\\": 2009,
  },
  Object {
    \\"color\\": \\"#fbd7cb\\",
    \\"multilateral\\": \\"World Bank Group\\",
    \\"uid\\": \\"unique_id_stub\\",
    \\"value\\": 0.4,
    \\"year\\": 2009,
  },
  Object {
    \\"color\\": \\"#bc2629\\",
    \\"multilateral\\": \\"Asian Development Bank\\",
    \\"uid\\": \\"unique_id_stub\\",
    \\"value\\": 28,
    \\"year\\": 2010,
  },
  Object {
    \\"color\\": \\"#8f1b13\\",
    \\"multilateral\\": \\"Other\\",
    \\"uid\\": \\"unique_id_stub\\",
    \\"value\\": 16.2,
    \\"year\\": 2010,
  },
  Object {
    \\"color\\": \\"#f39b95\\",
    \\"multilateral\\": \\"Southern\\",
    \\"uid\\": \\"unique_id_stub\\",
    \\"value\\": 12.7,
    \\"year\\": 2010,
  },
  Object {
    \\"color\\": \\"#e8443a\\",
    \\"multilateral\\": \\"UN\\",
    \\"uid\\": \\"unique_id_stub\\",
    \\"value\\": 58.4,
    \\"year\\": 2010,
  },
  Object {
    \\"color\\": \\"#fbd7cb\\",
    \\"multilateral\\": \\"World Bank Group\\",
    \\"uid\\": \\"unique_id_stub\\",
    \\"value\\": 1.3,
    \\"year\\": 2010,
  },
  Object {
    \\"color\\": \\"#bc2629\\",
    \\"multilateral\\": \\"Asian Development Bank\\",
    \\"uid\\": \\"unique_id_stub\\",
    \\"value\\": 35.1,
    \\"year\\": 2011,
  },
  Object {
    \\"color\\": \\"#8f1b13\\",
    \\"multilateral\\": \\"Other\\",
    \\"uid\\": \\"unique_id_stub\\",
    \\"value\\": 14.4,
    \\"year\\": 2011,
  },
  Object {
    \\"color\\": \\"#f39b95\\",
    \\"multilateral\\": \\"Southern\\",
    \\"uid\\": \\"unique_id_stub\\",
    \\"value\\": 11.1,
    \\"year\\": 2011,
  },
  Object {
    \\"color\\": \\"#e8443a\\",
    \\"multilateral\\": \\"UN\\",
    \\"uid\\": \\"unique_id_stub\\",
    \\"value\\": 57,
    \\"year\\": 2011,
  },
  Object {
    \\"color\\": \\"#fbd7cb\\",
    \\"multilateral\\": \\"World Bank Group\\",
    \\"uid\\": \\"unique_id_stub\\",
    \\"value\\": 27.7,
    \\"year\\": 2011,
  },
  Object {
    \\"color\\": \\"#bc2629\\",
    \\"multilateral\\": \\"Asian Development Bank\\",
    \\"uid\\": \\"unique_id_stub\\",
    \\"value\\": 20.4,
    \\"year\\": 2012,
  },
  Object {
    \\"color\\": \\"#8f1b13\\",
    \\"multilateral\\": \\"Other\\",
    \\"uid\\": \\"unique_id_stub\\",
    \\"value\\": 15.9,
    \\"year\\": 2012,
  },
  Object {
    \\"color\\": \\"#f39b95\\",
    \\"multilateral\\": \\"Southern\\",
    \\"uid\\": \\"unique_id_stub\\",
    \\"value\\": 7.9,
    \\"year\\": 2012,
  },
  Object {
    \\"color\\": \\"#e8443a\\",
    \\"multilateral\\": \\"UN\\",
    \\"uid\\": \\"unique_id_stub\\",
    \\"value\\": 56.2,
    \\"year\\": 2012,
  },
  Object {
    \\"color\\": \\"#fbd7cb\\",
    \\"multilateral\\": \\"World Bank Group\\",
    \\"uid\\": \\"unique_id_stub\\",
    \\"value\\": 33.8,
    \\"year\\": 2012,
  },
  Object {
    \\"color\\": \\"#bc2629\\",
    \\"multilateral\\": \\"Asian Development Bank\\",
    \\"uid\\": \\"unique_id_stub\\",
    \\"value\\": 18.5,
    \\"year\\": 2013,
  },
  Object {
    \\"color\\": \\"#8f1b13\\",
    \\"multilateral\\": \\"Other\\",
    \\"uid\\": \\"unique_id_stub\\",
    \\"value\\": 21.4,
    \\"year\\": 2013,
  },
  Object {
    \\"color\\": \\"#f39b95\\",
    \\"multilateral\\": \\"Southern\\",
    \\"uid\\": \\"unique_id_stub\\",
    \\"value\\": 6.3,
    \\"year\\": 2013,
  },
  Object {
    \\"color\\": \\"#e8443a\\",
    \\"multilateral\\": \\"UN\\",
    \\"uid\\": \\"unique_id_stub\\",
    \\"value\\": 59.4,
    \\"year\\": 2013,
  },
  Object {
    \\"color\\": \\"#fbd7cb\\",
    \\"multilateral\\": \\"World Bank Group\\",
    \\"uid\\": \\"unique_id_stub\\",
    \\"value\\": 52.3,
    \\"year\\": 2013,
  },
  Object {
    \\"color\\": \\"#bc2629\\",
    \\"multilateral\\": \\"Asian Development Bank\\",
    \\"uid\\": \\"unique_id_stub\\",
    \\"value\\": 33.9,
    \\"year\\": 2014,
  },
  Object {
    \\"color\\": \\"#8f1b13\\",
    \\"multilateral\\": \\"Other\\",
    \\"uid\\": \\"unique_id_stub\\",
    \\"value\\": 22,
    \\"year\\": 2014,
  },
  Object {
    \\"color\\": \\"#f39b95\\",
    \\"multilateral\\": \\"Southern\\",
    \\"uid\\": \\"unique_id_stub\\",
    \\"value\\": 13.7,
    \\"year\\": 2014,
  },
  Object {
    \\"color\\": \\"#e8443a\\",
    \\"multilateral\\": \\"UN\\",
    \\"uid\\": \\"unique_id_stub\\",
    \\"value\\": 56.4,
    \\"year\\": 2014,
  },
  Object {
    \\"color\\": \\"#fbd7cb\\",
    \\"multilateral\\": \\"World Bank Group\\",
    \\"uid\\": \\"unique_id_stub\\",
    \\"value\\": 39.9,
    \\"year\\": 2014,
  },
  Object {
    \\"color\\": \\"#bc2629\\",
    \\"multilateral\\": \\"Asian Development Bank\\",
    \\"uid\\": \\"unique_id_stub\\",
    \\"value\\": 10.2,
    \\"year\\": 2015,
  },
  Object {
    \\"color\\": \\"#8f1b13\\",
    \\"multilateral\\": \\"Other\\",
    \\"uid\\": \\"unique_id_stub\\",
    \\"value\\": 25.5,
    \\"year\\": 2015,
  },
  Object {
    \\"color\\": \\"#f39b95\\",
    \\"multilateral\\": \\"Southern\\",
    \\"uid\\": \\"unique_id_stub\\",
    \\"value\\": 122,
    \\"year\\": 2015,
  },
  Object {
    \\"color\\": \\"#e8443a\\",
    \\"multilateral\\": \\"UN\\",
    \\"uid\\": \\"unique_id_stub\\",
    \\"value\\": 72.9,
    \\"year\\": 2015,
  },
  Object {
    \\"color\\": \\"#fbd7cb\\",
    \\"multilateral\\": \\"World Bank Group\\",
    \\"uid\\": \\"unique_id_stub\\",
    \\"value\\": 25.5,
    \\"year\\": 2015,
  },
]"
`;

exports[`India getting tch top recipients 1`] = `
"Array [
  Object {
    \\"recipient\\": \\"Bhutan\\",
    \\"uid\\": \\"unique_id_stub\\",
    \\"value\\": 773,
  },
  Object {
    \\"recipient\\": \\"Afghanistan\\",
    \\"uid\\": \\"unique_id_stub\\",
    \\"value\\": 126.9,
  },
  Object {
    \\"recipient\\": \\"Sri Lanka\\",
    \\"uid\\": \\"unique_id_stub\\",
    \\"value\\": 64.7,
  },
  Object {
    \\"recipient\\": \\"Nepal\\",
    \\"uid\\": \\"unique_id_stub\\",
    \\"value\\": 46.6,
  },
  Object {
    \\"recipient\\": \\"African Countries\\",
    \\"uid\\": \\"unique_id_stub\\",
    \\"value\\": 37.4,
  },
  Object {
    \\"recipient\\": \\"Bangladesh\\",
    \\"uid\\": \\"unique_id_stub\\",
    \\"value\\": 25.2,
  },
  Object {
    \\"recipient\\": \\"Myanmar\\",
    \\"uid\\": \\"unique_id_stub\\",
    \\"value\\": 17.2,
  },
  Object {
    \\"recipient\\": \\"Other Developing Countries\\",
    \\"uid\\": \\"unique_id_stub\\",
    \\"value\\": 13.7,
  },
  Object {
    \\"recipient\\": \\"Maldives\\",
    \\"uid\\": \\"unique_id_stub\\",
    \\"value\\": 7.2,
  },
  Object {
    \\"recipient\\": \\"Eurasian Countries\\",
    \\"uid\\": \\"unique_id_stub\\",
    \\"value\\": 2.6,
  },
  Object {
    \\"recipient\\": \\"Latin American Countries\\",
    \\"uid\\": \\"unique_id_stub\\",
    \\"value\\": 2.2,
  },
  Object {
    \\"recipient\\": \\"Mongolia\\",
    \\"uid\\": \\"unique_id_stub\\",
    \\"value\\": 0.9,
  },
]"
`;
