// Jest Snapshot v1, https://goo.gl/fbAQLP

exports[`SouthAfrica getting aricfExpByRegion 1`] = `
"Array [
  Object {
    \\"color\\": \\"#e8443a\\",
    \\"region\\": \\"Africa\\",
    \\"uid\\": \\"unique_id_stub\\",
    \\"value\\": 11.4,
    \\"year\\": 2014,
  },
  Object {
    \\"color\\": \\"#EA7600\\",
    \\"region\\": \\"Asia\\",
    \\"uid\\": \\"unique_id_stub\\",
    \\"value\\": 0.7,
    \\"year\\": 2014,
  },
  Object {
    \\"color\\": \\"#e8443a\\",
    \\"region\\": \\"Africa\\",
    \\"uid\\": \\"unique_id_stub\\",
    \\"value\\": 6.7,
    \\"year\\": 2015,
  },
  Object {
    \\"color\\": \\"#EA7600\\",
    \\"region\\": \\"Asia\\",
    \\"uid\\": \\"unique_id_stub\\",
    \\"value\\": 0.2,
    \\"year\\": 2015,
  },
  Object {
    \\"color\\": \\"#93328E\\",
    \\"region\\": \\"Latin America and the Caribbean\\",
    \\"uid\\": \\"unique_id_stub\\",
    \\"value\\": 6.5,
    \\"year\\": 2015,
  },
  Object {
    \\"color\\": \\"#e8443a\\",
    \\"region\\": \\"Africa\\",
    \\"uid\\": \\"unique_id_stub\\",
    \\"value\\": 4.3,
    \\"year\\": 2016,
  },
  Object {
    \\"color\\": \\"#93328E\\",
    \\"region\\": \\"Latin America and the Caribbean\\",
    \\"uid\\": \\"unique_id_stub\\",
    \\"value\\": 2.4,
    \\"year\\": 2016,
  },
]"
`;

exports[`SouthAfrica getting aricfExpBySector 1`] = `
"Array [
  Object {
    \\"color\\": \\"#E03997\\",
    \\"sector\\": \\"ARICF expenditures (total)\\",
    \\"uid\\": \\"unique_id_stub\\",
    \\"value\\": 50.1,
  },
  Object {
    \\"color\\": \\"#8f1b13\\",
    \\"sector\\": \\"Coopertion between South Africa and other states\\",
    \\"uid\\": \\"unique_id_stub\\",
    \\"value\\": 15.3,
  },
  Object {
    \\"color\\": \\"#FF8EDF\\",
    \\"sector\\": \\"Prevention and resolution of conflicts\\",
    \\"uid\\": \\"unique_id_stub\\",
    \\"value\\": 2.5,
  },
  Object {
    \\"color\\": \\"#e8443a\\",
    \\"sector\\": \\"Socio-economic  development and integration\\",
    \\"uid\\": \\"unique_id_stub\\",
    \\"value\\": 2.8,
  },
  Object {
    \\"color\\": \\"#f39b95\\",
    \\"sector\\": \\"Promotion of democracy and good governance\\",
    \\"uid\\": \\"unique_id_stub\\",
    \\"value\\": 4.7,
  },
  Object {
    \\"color\\": \\"#bc2629\\",
    \\"sector\\": \\"Humanitarian assistance\\",
    \\"uid\\": \\"unique_id_stub\\",
    \\"value\\": 24.3,
  },
  Object {
    \\"color\\": \\"#fbd7cb\\",
    \\"sector\\": \\"Human resources development\\",
    \\"uid\\": \\"unique_id_stub\\",
    \\"value\\": 0.3,
  },
]"
`;

exports[`SouthAfrica getting dvptCooperationTrend 1`] = `
"Array [
  Object {
    \\"uid\\": \\"unique_id_stub\\",
    \\"value\\": 293,
    \\"year\\": 2015,
  },
  Object {
    \\"uid\\": \\"unique_id_stub\\",
    \\"value\\": 174,
    \\"year\\": 2014,
  },
  Object {
    \\"uid\\": \\"unique_id_stub\\",
    \\"value\\": 182,
    \\"year\\": 2013,
  },
  Object {
    \\"uid\\": \\"unique_id_stub\\",
    \\"value\\": 176,
    \\"year\\": 2012,
  },
  Object {
    \\"uid\\": \\"unique_id_stub\\",
    \\"value\\": 155,
    \\"year\\": 2011,
  },
  Object {
    \\"uid\\": \\"unique_id_stub\\",
    \\"value\\": 151,
    \\"year\\": 2010,
  },
  Object {
    \\"uid\\": \\"unique_id_stub\\",
    \\"value\\": 193,
    \\"year\\": 2009,
  },
  Object {
    \\"uid\\": \\"unique_id_stub\\",
    \\"value\\": 150,
    \\"year\\": 2008,
  },
  Object {
    \\"uid\\": \\"unique_id_stub\\",
    \\"value\\": 112,
    \\"year\\": 2007,
  },
  Object {
    \\"uid\\": \\"unique_id_stub\\",
    \\"value\\": 99,
    \\"year\\": 2006,
  },
]"
`;

exports[`SouthAfrica getting govmtdepartment 1`] = `
"Array [
  Object {
    \\"color\\": \\"#DC73FF\\",
    \\"id\\": \\"International Relations and Cooperation\\",
    \\"uid\\": \\"unique_id_stub\\",
    \\"value\\": 69.18604651162791,
    \\"year\\": 2011,
  },
  Object {
    \\"color\\": \\"#f39b95\\",
    \\"id\\": \\"National Treasury\\",
    \\"uid\\": \\"unique_id_stub\\",
    \\"value\\": 20.994832041343674,
    \\"year\\": 2011,
  },
  Object {
    \\"color\\": \\"#bc2629\\",
    \\"id\\": \\"Other\\",
    \\"uid\\": \\"unique_id_stub\\",
    \\"value\\": 9.819121447028424,
    \\"year\\": 2011,
  },
  Object {
    \\"color\\": \\"#DC73FF\\",
    \\"id\\": \\"International Relations and Cooperation\\",
    \\"uid\\": \\"unique_id_stub\\",
    \\"value\\": 65.70130607609312,
    \\"year\\": 2012,
  },
  Object {
    \\"color\\": \\"#f39b95\\",
    \\"id\\": \\"National Treasury\\",
    \\"uid\\": \\"unique_id_stub\\",
    \\"value\\": 25.04258943781942,
    \\"year\\": 2012,
  },
  Object {
    \\"color\\": \\"#bc2629\\",
    \\"id\\": \\"Other\\",
    \\"uid\\": \\"unique_id_stub\\",
    \\"value\\": 9.25610448608745,
    \\"year\\": 2012,
  },
  Object {
    \\"color\\": \\"#DC73FF\\",
    \\"id\\": \\"International Relations and Cooperation\\",
    \\"uid\\": \\"unique_id_stub\\",
    \\"value\\": 66.66666666666666,
    \\"year\\": 2013,
  },
  Object {
    \\"color\\": \\"#f39b95\\",
    \\"id\\": \\"National Treasury\\",
    \\"uid\\": \\"unique_id_stub\\",
    \\"value\\": 24.546952224052717,
    \\"year\\": 2013,
  },
  Object {
    \\"color\\": \\"#bc2629\\",
    \\"id\\": \\"Other\\",
    \\"uid\\": \\"unique_id_stub\\",
    \\"value\\": 8.786381109280613,
    \\"year\\": 2013,
  },
  Object {
    \\"color\\": \\"#DC73FF\\",
    \\"id\\": \\"International Relations and Cooperation\\",
    \\"uid\\": \\"unique_id_stub\\",
    \\"value\\": 63.96085204375359,
    \\"year\\": 2014,
  },
  Object {
    \\"color\\": \\"#f39b95\\",
    \\"id\\": \\"National Treasury\\",
    \\"uid\\": \\"unique_id_stub\\",
    \\"value\\": 27.461139896373055,
    \\"year\\": 2014,
  },
  Object {
    \\"color\\": \\"#bc2629\\",
    \\"id\\": \\"Other\\",
    \\"uid\\": \\"unique_id_stub\\",
    \\"value\\": 8.578008059873344,
    \\"year\\": 2014,
  },
  Object {
    \\"color\\": \\"#DC73FF\\",
    \\"id\\": \\"International Relations and Cooperation\\",
    \\"uid\\": \\"unique_id_stub\\",
    \\"value\\": 35.195911413969334,
    \\"year\\": 2015,
  },
  Object {
    \\"color\\": \\"#f39b95\\",
    \\"id\\": \\"National Treasury\\",
    \\"uid\\": \\"unique_id_stub\\",
    \\"value\\": 59.557069846678026,
    \\"year\\": 2015,
  },
  Object {
    \\"color\\": \\"#bc2629\\",
    \\"id\\": \\"Other\\",
    \\"uid\\": \\"unique_id_stub\\",
    \\"value\\": 5.247018739352641,
    \\"year\\": 2015,
  },
]"
`;
