// Jest Snapshot v1, https://goo.gl/fbAQLP

exports[`Brazil getting tch cooperation 1`] = `
"Array [
  Object {
    \\"color\\": \\"#e8443a\\",
    \\"region\\": \\"Africa\\",
    \\"uid\\": \\"unique_id_stub\\",
    \\"value\\": 43,
    \\"year\\": 2011,
  },
  Object {
    \\"color\\": \\"#0095CB\\",
    \\"region\\": \\"Latin America and the Caribbean\\",
    \\"uid\\": \\"unique_id_stub\\",
    \\"value\\": 48.9,
    \\"year\\": 2011,
  },
  Object {
    \\"color\\": \\"#EA7600\\",
    \\"region\\": \\"Oceania\\",
    \\"uid\\": \\"unique_id_stub\\",
    \\"value\\": 4.3,
    \\"year\\": 2011,
  },
  Object {
    \\"color\\": \\"#93328E\\",
    \\"region\\": \\"Europe\\",
    \\"uid\\": \\"unique_id_stub\\",
    \\"value\\": 2.3,
    \\"year\\": 2011,
  },
  Object {
    \\"color\\": \\"#FECB2F\\",
    \\"region\\": \\"Asia and the Middle East\\",
    \\"uid\\": \\"unique_id_stub\\",
    \\"value\\": 1,
    \\"year\\": 2011,
  },
  Object {
    \\"color\\": \\"#0095CB\\",
    \\"region\\": \\"North America\\",
    \\"uid\\": \\"unique_id_stub\\",
    \\"value\\": 0.5,
    \\"year\\": 2011,
  },
  Object {
    \\"color\\": \\"#e8443a\\",
    \\"region\\": \\"Africa\\",
    \\"uid\\": \\"unique_id_stub\\",
    \\"value\\": 44.3,
    \\"year\\": 2012,
  },
  Object {
    \\"color\\": \\"#0095CB\\",
    \\"region\\": \\"Latin America and the Caribbean\\",
    \\"uid\\": \\"unique_id_stub\\",
    \\"value\\": 46.9,
    \\"year\\": 2012,
  },
  Object {
    \\"color\\": \\"#EA7600\\",
    \\"region\\": \\"Oceania\\",
    \\"uid\\": \\"unique_id_stub\\",
    \\"value\\": 3.9,
    \\"year\\": 2012,
  },
  Object {
    \\"color\\": \\"#93328E\\",
    \\"region\\": \\"Europe\\",
    \\"uid\\": \\"unique_id_stub\\",
    \\"value\\": 2.6,
    \\"year\\": 2012,
  },
  Object {
    \\"color\\": \\"#FECB2F\\",
    \\"region\\": \\"Asia and the Middle East\\",
    \\"uid\\": \\"unique_id_stub\\",
    \\"value\\": 1.7,
    \\"year\\": 2012,
  },
  Object {
    \\"color\\": \\"#0095CB\\",
    \\"region\\": \\"North America\\",
    \\"uid\\": \\"unique_id_stub\\",
    \\"value\\": 0.6,
    \\"year\\": 2012,
  },
  Object {
    \\"color\\": \\"#e8443a\\",
    \\"region\\": \\"Africa\\",
    \\"uid\\": \\"unique_id_stub\\",
    \\"value\\": 53.3,
    \\"year\\": 2013,
  },
  Object {
    \\"color\\": \\"#0095CB\\",
    \\"region\\": \\"Latin America and the Caribbean\\",
    \\"uid\\": \\"unique_id_stub\\",
    \\"value\\": 39.4,
    \\"year\\": 2013,
  },
  Object {
    \\"color\\": \\"#EA7600\\",
    \\"region\\": \\"Oceania\\",
    \\"uid\\": \\"unique_id_stub\\",
    \\"value\\": 2.9,
    \\"year\\": 2013,
  },
  Object {
    \\"color\\": \\"#93328E\\",
    \\"region\\": \\"Europe\\",
    \\"uid\\": \\"unique_id_stub\\",
    \\"value\\": 3.3,
    \\"year\\": 2013,
  },
  Object {
    \\"color\\": \\"#FECB2F\\",
    \\"region\\": \\"Asia and the Middle East\\",
    \\"uid\\": \\"unique_id_stub\\",
    \\"value\\": 0.9,
    \\"year\\": 2013,
  },
  Object {
    \\"color\\": \\"#0095CB\\",
    \\"region\\": \\"North America\\",
    \\"uid\\": \\"unique_id_stub\\",
    \\"value\\": 0.3,
    \\"year\\": 2013,
  },
]"
`;
